src/app/pages/workflow/workflow-builder.component.ts(1096,24): error TS2345: Argument of type '({ kind: "endpoint" | "try-catch" | "loop" | "if-else"; id: string; moduleId: string; moduleLabel: string; moduleApiPrefix: string; endpointId: string; endpointLabel: string; method: string; ... 5 more ...; bodySources: Record<...>; } | { ...; } | { ...; } | { ...; })[]' is not assignable to parameter of type 'WorkflowNode[]'.
  Type '{ kind: "endpoint" | "try-catch" | "loop" | "if-else"; id: string; moduleId: string; moduleLabel: string; moduleApiPrefix: string; endpointId: string; endpointLabel: string; method: string; ... 5 more ...; bodySources: Record<...>; } | { ...; } | { ...; } | { ...; }' is not assignable to type 'WorkflowNode'.
    Type '{ kind: "endpoint" | "try-catch" | "loop" | "if-else"; id: string; moduleId: string; moduleLabel: string; moduleApiPrefix: string; endpointId: string; endpointLabel: string; method: string; ... 5 more ...; bodySources: Record<string, PayloadSource>; }' is not assignable to type 'WorkflowNode'.
      Type '{ kind: "endpoint" | "try-catch" | "loop" | "if-else"; id: string; moduleId: string; moduleLabel: string; moduleApiPrefix: string; endpointId: string; endpointLabel: string; method: string; ... 5 more ...; bodySources: Record<string, PayloadSource>; }' is not assignable to type 'WorkflowStep'.
        Types of property 'kind' are incompatible.
          Type '"endpoint" | "try-catch" | "loop" | "if-else"' is not assignable to type '"endpoint"'.
            Type '"try-catch"' is not assignable to type '"endpoint"'.
src/app/pages/workflow/workflow-builder.component.ts(1213,21): error TS2352: Conversion of type 'WorkflowNode' to type 'Record<string, unknown>' may be a mistake because neither type sufficiently overlaps with the other. If this was intentional, convert the expression to 'unknown' first.
  Type 'IfElseBlock' is not comparable to type 'Record<string, unknown>'.
    Index signature for type 'string' is missing in type 'IfElseBlock'.
src/app/pages/workflow/workflow-builder.component.ts(1222,21): error TS2352: Conversion of type 'WorkflowNode' to type 'Record<string, unknown>' may be a mistake because neither type sufficiently overlaps with the other. If this was intentional, convert the expression to 'unknown' first.
  Type 'IfElseBlock' is not comparable to type 'Record<string, unknown>'.
    Index signature for type 'string' is missing in type 'IfElseBlock'.
src/app/services/workflow.service.ts(29,7): error TS2322: Type '{ steps: ({ kind: "endpoint" | "try-catch" | "loop" | "if-else"; id: string; moduleId: string; moduleLabel: string; moduleApiPrefix: string; endpointId: string; endpointLabel: string; method: string; ... 5 more ...; bodySources: Record<...>; } | { ...; } | { ...; } | { ...; })[]; ... 7 more ...; lastRunLog?: Workflo...' is not assignable to type 'Workflow[]'.
  Type '{ steps: ({ kind: "endpoint" | "try-catch" | "loop" | "if-else"; id: string; moduleId: string; moduleLabel: string; moduleApiPrefix: string; endpointId: string; endpointLabel: string; ... 6 more ...; bodySources: Record<string, PayloadSource>; } | { ...; } | { ...; } | { ...; })[]; ... 7 more ...; lastRunLog?: Workf...' is not assignable to type 'Workflow'.
    Types of property 'steps' are incompatible.
      Type '({ kind: "endpoint" | "try-catch" | "loop" | "if-else"; id: string; moduleId: string; moduleLabel: string; moduleApiPrefix: string; endpointId: string; endpointLabel: string; method: string; ... 5 more ...; bodySources: Record<...>; } | { ...; } | { ...; } | { ...; })[]' is not assignable to type 'WorkflowNode[]'.
        Type '{ kind: "endpoint" | "try-catch" | "loop" | "if-else"; id: string; moduleId: string; moduleLabel: string; moduleApiPrefix: string; endpointId: string; endpointLabel: string; method: string; ... 5 more ...; bodySources: Record<...>; } | { ...; } | { ...; } | { ...; }' is not assignable to type 'WorkflowNode'.
          Type '{ kind: "endpoint" | "try-catch" | "loop" | "if-else"; id: string; moduleId: string; moduleLabel: string; moduleApiPrefix: string; endpointId: string; endpointLabel: string; method: string; ... 5 more ...; bodySources: Record<string, PayloadSource>; }' is not assignable to type 'WorkflowNode'.
            Type '{ kind: "endpoint" | "try-catch" | "loop" | "if-else"; id: string; moduleId: string; moduleLabel: string; moduleApiPrefix: string; endpointId: string; endpointLabel: string; method: string; ... 5 more ...; bodySources: Record<string, PayloadSource>; }' is not assignable to type 'WorkflowStep'.
              Types of property 'kind' are incompatible.
                Type '"endpoint" | "try-catch" | "loop" | "if-else"' is not assignable to type '"endpoint"'.
                  Type '"try-catch"' is not assignable to type '"endpoint"'.
